e:\vs\vtklee\x64\debug\vc142.pdb
e:\vs\vtklee\x64\debug\vc142.idb
e:\vs\vtklee\x64\debug\vtktemplateinstantiations.obj
e:\vs\vtklee\x64\debug\vtkamrbox.obj
e:\vs\vtklee\x64\debug\vtkalgorithmoutput.obj
e:\vs\vtklee\x64\debug\vtkalgorithm.obj
e:\vs\vtklee\x64\debug\vtkabstracttransform.obj
e:\vs\vtklee\x64\debug\vtkabstractpointlocator.obj
e:\vs\vtklee\x64\debug\vtkabstractelectronicdata.obj
e:\vs\vtklee\x64\debug\vtkabstractcelllocator.obj
e:\vs\vtklee\x64\debug\vtkabstractcelllinks.obj
e:\vs\vtklee\x64\debug\vtkabstractcellarray.obj
e:\vs\vtklee\x64\debug\vtkabstractarray.obj
e:\vs\vtklee\x64\debug\vtksmptoolsimpl.obj
e:\vs\vtklee\x64\debug\vtksmpthreadpool.obj
e:\vs\vtklee\x64\debug\vtksmpthreadlocalbackend.obj
e:\vs\vtklee\x64\debug\vtksmptoolsapi.obj
e:\vs\vtklee\x64\debug\dicomparser.obj
e:\vs\vtklee\x64\debug\dicomfile.obj
e:\vs\vtklee\x64\debug\dicomapphelper.obj
e:\vs\vtklee\x64\debug\vtkcellgridcopyquery.obj
e:\vs\vtklee\x64\debug\vtkcellgridboundsquery.obj
e:\vs\vtklee\x64\debug\vtkcellgrid.obj
e:\vs\vtklee\x64\debug\vtkcelldata.obj
e:\vs\vtklee\x64\debug\vtkcellattributecalculator.obj
e:\vs\vtklee\x64\debug\vtkcellattribute.obj
e:\vs\vtklee\x64\debug\vtkcellarrayiterator.obj
e:\vs\vtklee\x64\debug\vtkcellarray.obj
e:\vs\vtklee\x64\debug\vtkcell.obj
e:\vs\vtklee\x64\debug\vtkcallbackcommand.obj
e:\vs\vtklee\x64\debug\vtkbyteswap.obj
e:\vs\vtklee\x64\debug\vtkboxmuellerrandomsequence.obj
e:\vs\vtklee\x64\debug\vtkbox.obj
e:\vs\vtklee\x64\debug\vtkboundingbox.obj
e:\vs\vtklee\x64\debug\vtkbitarrayiterator.obj
e:\vs\vtklee\x64\debug\vtkbitarray.obj
e:\vs\vtklee\x64\debug\vtkarrayrange.obj
e:\vs\vtklee\x64\debug\vtkarraycoordinates.obj
e:\vs\vtklee\x64\debug\vtkamrinformation.obj
e:\vs\vtklee\x64\debug\vtkamrdatainternals.obj
e:\vs\vtklee\x64\debug\vtkdataobjecttree.obj
e:\vs\vtklee\x64\debug\vtkdataobject.obj
e:\vs\vtklee\x64\debug\vtkdataassembly.obj
e:\vs\vtklee\x64\debug\vtkcompositedataset.obj
e:\vs\vtklee\x64\debug\vtkcompositedatapipeline.obj
e:\vs\vtklee\x64\debug\vtkcompositedataiterator.obj
e:\vs\vtklee\x64\debug\vtkcommoninformationkeymanager.obj
e:\vs\vtklee\x64\debug\vtkcommand.obj
e:\vs\vtklee\x64\debug\vtkcollectioniterator.obj
e:\vs\vtklee\x64\debug\vtkcollection.obj
e:\vs\vtklee\x64\debug\vtkchararray.obj
e:\vs\vtklee\x64\debug\vtkcelltypes.obj
e:\vs\vtklee\x64\debug\vtkcelltreelocator.obj
e:\vs\vtklee\x64\debug\vtkcellmetadata.obj
e:\vs\vtklee\x64\debug\vtkcelllinks.obj
e:\vs\vtklee\x64\debug\vtkcelliterator.obj
e:\vs\vtklee\x64\debug\vtkcellgridsidescache.obj
e:\vs\vtklee\x64\debug\vtkcellgridresponders.obj
e:\vs\vtklee\x64\debug\vtkcellgridrangequery.obj
e:\vs\vtklee\x64\debug\vtkcellgridquery.obj
e:\vs\vtklee\x64\debug\vtkexplicitstructuredgrid.obj
e:\vs\vtklee\x64\debug\vtkexecutive.obj
e:\vs\vtklee\x64\debug\vtkexecutionrange.obj
e:\vs\vtklee\x64\debug\vtkexecutionaggregator.obj
e:\vs\vtklee\x64\debug\vtkerrorcode.obj
e:\vs\vtklee\x64\debug\vtkemptycell.obj
e:\vs\vtklee\x64\debug\vtkdynamicloader.obj
e:\vs\vtklee\x64\debug\vtkdoublearray.obj
e:\vs\vtklee\x64\debug\vtkdirectory.obj
e:\vs\vtklee\x64\debug\vtkdicomimagereader.obj
e:\vs\vtklee\x64\debug\vtkdemanddrivenpipeline.obj
e:\vs\vtklee\x64\debug\vtkdebugleaksmanager.obj
e:\vs\vtklee\x64\debug\vtkdebugleaks.obj
e:\vs\vtklee\x64\debug\vtkdatasetcollection.obj
e:\vs\vtklee\x64\debug\vtkdatasetcelliterator.obj
e:\vs\vtklee\x64\debug\vtkdatasetattributesfieldlist.obj
e:\vs\vtklee\x64\debug\vtkdatasetattributes.obj
e:\vs\vtklee\x64\debug\vtkdataset.obj
e:\vs\vtklee\x64\debug\vtkdataobjecttypes.obj
e:\vs\vtklee\x64\debug\vtkdataobjecttreeiterator.obj
e:\vs\vtklee\x64\debug\vtkimplicitfunction.obj
e:\vs\vtklee\x64\debug\vtkimagereader2.obj
e:\vs\vtklee\x64\debug\vtkimagedata.obj
e:\vs\vtklee\x64\debug\vtkimagealgorithm.obj
e:\vs\vtklee\x64\debug\vtkidtypearray.obj
e:\vs\vtklee\x64\debug\vtkidlist.obj
e:\vs\vtklee\x64\debug\vtkhomogeneoustransform.obj
e:\vs\vtklee\x64\debug\vtkgenericpointiterator.obj
e:\vs\vtklee\x64\debug\vtkgenericedgetable.obj
e:\vs\vtklee\x64\debug\vtkgenericdataarray.obj
e:\vs\vtklee\x64\debug\vtkgenericcelliterator.obj
e:\vs\vtklee\x64\debug\vtkgenericcell.obj
e:\vs\vtklee\x64\debug\vtkgaussianrandomsequence.obj
e:\vs\vtklee\x64\debug\vtkgarbagecollectormanager.obj
e:\vs\vtklee\x64\debug\vtkgarbagecollector.obj
e:\vs\vtklee\x64\debug\vtkfunctionset.obj
e:\vs\vtklee\x64\debug\vtkfloatarray.obj
e:\vs\vtklee\x64\debug\vtkfilteringinformationkeymanager.obj
e:\vs\vtklee\x64\debug\vtkfielddata.obj
e:\vs\vtklee\x64\debug\vtkextenttranslator.obj
e:\vs\vtklee\x64\debug\vtkinformationobjectbasekey.obj
e:\vs\vtklee\x64\debug\vtkinformationkeyvectorkey.obj
e:\vs\vtklee\x64\debug\vtkinformationkeylookup.obj
e:\vs\vtklee\x64\debug\vtkinformationkey.obj
e:\vs\vtklee\x64\debug\vtkinformationiterator.obj
e:\vs\vtklee\x64\debug\vtkinformationintegervectorkey.obj
e:\vs\vtklee\x64\debug\vtkinformationintegerrequestkey.obj
e:\vs\vtklee\x64\debug\vtkinformationintegerpointerkey.obj
e:\vs\vtklee\x64\debug\vtkinformationintegerkey.obj
e:\vs\vtklee\x64\debug\vtkinformationinformationvectorkey.obj
e:\vs\vtklee\x64\debug\vtkinformationinformationkey.obj
e:\vs\vtklee\x64\debug\vtkinformationidtypekey.obj
e:\vs\vtklee\x64\debug\vtkinformationexecutiveportvectorkey.obj
e:\vs\vtklee\x64\debug\vtkinformationexecutiveportkey.obj
e:\vs\vtklee\x64\debug\vtkinformationdoublevectorkey.obj
e:\vs\vtklee\x64\debug\vtkinformationdoublekey.obj
e:\vs\vtklee\x64\debug\vtkinformationdataobjectkey.obj
e:\vs\vtklee\x64\debug\vtkinformation.obj
e:\vs\vtklee\x64\debug\vtkindent.obj
e:\vs\vtklee\x64\debug\vtkincrementalpointlocator.obj
e:\vs\vtklee\x64\debug\vtkmatrix4x4.obj
e:\vs\vtklee\x64\debug\vtkmatrix3x3.obj
e:\vs\vtklee\x64\debug\vtkmath.obj
e:\vs\vtklee\x64\debug\vtklookuptable.obj
e:\vs\vtklee\x64\debug\vtklonglongarray.obj
e:\vs\vtklee\x64\debug\vtklongarray.obj
e:\vs\vtklee\x64\debug\vtklogger.obj
e:\vs\vtklee\x64\debug\vtklocator.obj
e:\vs\vtklee\x64\debug\vtklineartransform.obj
e:\vs\vtklee\x64\debug\vtkline.obj
e:\vs\vtklee\x64\debug\vtklargeinteger.obj
e:\vs\vtklee\x64\debug\vtkintarray.obj
e:\vs\vtklee\x64\debug\vtkinformationvector.obj
e:\vs\vtklee\x64\debug\vtkinformationvariantvectorkey.obj
e:\vs\vtklee\x64\debug\vtkinformationvariantkey.obj
e:\vs\vtklee\x64\debug\vtkinformationunsignedlongkey.obj
e:\vs\vtklee\x64\debug\vtkinformationstringvectorkey.obj
e:\vs\vtklee\x64\debug\vtkinformationstringkey.obj
e:\vs\vtklee\x64\debug\vtkinformationrequestkey.obj
e:\vs\vtklee\x64\debug\vtkinformationobjectbasevectorkey.obj
e:\vs\vtklee\x64\debug\vtkpiecewisefunction.obj
e:\vs\vtklee\x64\debug\vtkpartitioneddatasetcollection.obj
e:\vs\vtklee\x64\debug\vtkpartitioneddataset.obj
e:\vs\vtklee\x64\debug\vtkoverrideinformationcollection.obj
e:\vs\vtklee\x64\debug\vtkoverrideinformation.obj
e:\vs\vtklee\x64\debug\vtkoutputwindow.obj
e:\vs\vtklee\x64\debug\vtkostrstreamwrapper.obj
e:\vs\vtklee\x64\debug\vtkostreamwrapper.obj
e:\vs\vtklee\x64\debug\vtkobjectfactorycollection.obj
e:\vs\vtklee\x64\debug\vtkobjectfactory.obj
e:\vs\vtklee\x64\debug\vtkobjectbase.obj
e:\vs\vtklee\x64\debug\vtkobject.obj
e:\vs\vtklee\x64\debug\vtknonoverlappingamr.obj
e:\vs\vtklee\x64\debug\vtknonlinearcell.obj
e:\vs\vtklee\x64\debug\vtkmultithreader.obj
e:\vs\vtklee\x64\debug\vtkmultipiecedataset.obj
e:\vs\vtklee\x64\debug\vtkmultiblockdatasetserdeshelper.obj
e:\vs\vtklee\x64\debug\vtkmultiblockdataset.obj
e:\vs\vtklee\x64\debug\vtkminimalstandardrandomsequence.obj
e:\vs\vtklee\x64\debug\vtkmergepoints.obj
e:\vs\vtklee\x64\debug\vtkscalarstocolors.obj
e:\vs\vtklee\x64\debug\vtkrectilineargrid.obj
e:\vs\vtklee\x64\debug\vtkrandomsequence.obj
e:\vs\vtklee\x64\debug\vtkquadraticedge.obj
e:\vs\vtklee\x64\debug\vtkquad.obj
e:\vs\vtklee\x64\debug\vtkprogressobserver.obj
e:\vs\vtklee\x64\debug\vtkpriorityqueue.obj
e:\vs\vtklee\x64\debug\vtkpolygon.obj
e:\vs\vtklee\x64\debug\vtkpolydata.obj
e:\vs\vtklee\x64\debug\vtkpointsprojectedhull.obj
e:\vs\vtklee\x64\debug\vtkpointsetcelliterator.obj
e:\vs\vtklee\x64\debug\vtkpointset.obj
e:\vs\vtklee\x64\debug\vtkpoints2d.obj
e:\vs\vtklee\x64\debug\vtkpoints.obj
e:\vs\vtklee\x64\debug\vtkpointlocator.obj
e:\vs\vtklee\x64\debug\vtkpointdata.obj
e:\vs\vtklee\x64\debug\vtkplanesintersection.obj
e:\vs\vtklee\x64\debug\vtkplanes.obj
e:\vs\vtklee\x64\debug\vtkplanecollection.obj
e:\vs\vtklee\x64\debug\vtkplane.obj
e:\vs\vtklee\x64\debug\encodingcxx.obj
e:\vs\vtklee\x64\debug\dynamicloader.obj
e:\vs\vtklee\x64\debug\directory.obj
e:\vs\vtklee\x64\debug\commandlinearguments.obj
e:\vs\vtklee\x64\debug\vtkstructuredpoints.obj
e:\vs\vtklee\x64\debug\vtkstructuredextent.obj
e:\vs\vtklee\x64\debug\vtkstructureddata.obj
e:\vs\vtklee\x64\debug\vtkstructuredcellarray.obj
e:\vs\vtklee\x64\debug\vtkstringtoken.obj
e:\vs\vtklee\x64\debug\vtkstringarray.obj
e:\vs\vtklee\x64\debug\vtkstreamingdemanddrivenpipeline.obj
e:\vs\vtklee\x64\debug\vtkstdstring.obj
e:\vs\vtklee\x64\debug\vtkstaticpointlocator.obj
e:\vs\vtklee\x64\debug\vtkstaticcelllocator.obj
e:\vs\vtklee\x64\debug\vtkstaticcelllinks.obj
e:\vs\vtklee\x64\debug\vtksortdataarray.obj
e:\vs\vtklee\x64\debug\vtksmptools.obj
e:\vs\vtklee\x64\debug\vtksmartpointerbase.obj
e:\vs\vtklee\x64\debug\vtksignedchararray.obj
e:\vs\vtklee\x64\debug\vtkshortarray.obj
e:\vs\vtklee\x64\debug\vtktypeuint64array.obj
e:\vs\vtklee\x64\debug\vtktypeuint32array.obj
e:\vs\vtklee\x64\debug\vtktypeuint16array.obj
e:\vs\vtklee\x64\debug\vtktypeint8array.obj
e:\vs\vtklee\x64\debug\vtktypeint64array.obj
e:\vs\vtklee\x64\debug\vtktypeint32array.obj
e:\vs\vtklee\x64\debug\vtktypeint16array.obj
e:\vs\vtklee\x64\debug\vtktypefloat64array.obj
e:\vs\vtklee\x64\debug\vtktypefloat32array.obj
e:\vs\vtklee\x64\debug\vtktrivialproducer.obj
e:\vs\vtklee\x64\debug\vtktrivialconsumer.obj
e:\vs\vtklee\x64\debug\vtktriangle.obj
e:\vs\vtklee\x64\debug\vtktreealgorithm.obj
e:\vs\vtklee\x64\debug\vtktransform.obj
e:\vs\vtklee\x64\debug\vtktimestamp.obj
e:\vs\vtklee\x64\debug\systemtools.obj
e:\vs\vtklee\x64\debug\systeminformation.obj
e:\vs\vtklee\x64\debug\status.obj
e:\vs\vtklee\x64\debug\regularexpression.obj
e:\vs\vtklee\x64\debug\glob.obj
e:\vs\vtklee\x64\debug\main.obj
e:\vs\vtklee\x64\debug\vtkwin32outputwindow.obj
e:\vs\vtklee\x64\debug\vtkweakpointerbase.obj
e:\vs\vtklee\x64\debug\vtkversion.obj
e:\vs\vtklee\x64\debug\vtkvariantarray.obj
e:\vs\vtklee\x64\debug\vtkvariant.obj
e:\vs\vtklee\x64\debug\vtkvaluefromstring.obj
e:\vs\vtklee\x64\debug\vtkunstructuredgridcelliterator.obj
e:\vs\vtklee\x64\debug\vtkunstructuredgridbase.obj
e:\vs\vtklee\x64\debug\vtkunstructuredgrid.obj
e:\vs\vtklee\x64\debug\vtkunsignedshortarray.obj
e:\vs\vtklee\x64\debug\vtkunsignedlonglongarray.obj
e:\vs\vtklee\x64\debug\vtkunsignedlongarray.obj
e:\vs\vtklee\x64\debug\vtkunsignedintarray.obj
e:\vs\vtklee\x64\debug\vtkunsignedchararray.obj
e:\vs\vtklee\x64\debug\vtkuniformgridamrdataiterator.obj
e:\vs\vtklee\x64\debug\vtkuniformgridamr.obj
e:\vs\vtklee\x64\debug\vtkuniformgrid.obj
e:\vs\vtklee\x64\debug\vtktypeuint8array.obj
e:\vs\vtklee\x64\debug\vtksoadataarraytemplateinstantiate_double.obj
e:\vs\vtklee\x64\debug\vtksoadataarraytemplateinstantiate_char.obj
e:\vs\vtklee\x64\debug\vtkdataarray.obj
e:\vs\vtklee\x64\debug\vtkdataarray_finitevectorrange.obj
e:\vs\vtklee\x64\debug\vtkdataarray_vectorrange.obj
e:\vs\vtklee\x64\debug\vtkdataarray_settuple_array.obj
e:\vs\vtklee\x64\debug\vtkdataarray_scalarrange.obj
e:\vs\vtklee\x64\debug\vtkdataarray_interpolatetuple_weights.obj
e:\vs\vtklee\x64\debug\vtkdataarray_interpolatetuple_time.obj
e:\vs\vtklee\x64\debug\vtkdataarray_inserttuples_array_range.obj
e:\vs\vtklee\x64\debug\vtkdataarray_inserttuples_array_idlist_range.obj
e:\vs\vtklee\x64\debug\vtkdataarray_inserttuples_array_idlist.obj
e:\vs\vtklee\x64\debug\vtkdataarray_gettuples_range.obj
e:\vs\vtklee\x64\debug\vtkdataarray_gettuples_ids.obj
e:\vs\vtklee\x64\debug\vtkdataarray_finitescalarrange.obj
e:\vs\vtklee\x64\debug\vtkdataarray_deepcopy.obj
e:\vs\vtklee\x64\debug\vtkdataarray_copycomponent.obj
e:\vs\vtklee\x64\debug\vtkarrayiteratortemplateinstantiate.obj
e:\vs\vtklee\x64\debug\vtklee.pdb
e:\vs\vtklee\x64\debug\vtklee.tlog\cl.command.1.tlog
e:\vs\vtklee\x64\debug\vtklee.tlog\cl.read.1.tlog
e:\vs\vtklee\x64\debug\vtklee.tlog\cl.write.1.tlog
e:\vs\vtklee\x64\debug\vtklee.tlog\link-cvtres.read.1.tlog
e:\vs\vtklee\x64\debug\vtklee.tlog\link-cvtres.write.1.tlog
e:\vs\vtklee\x64\debug\vtklee.tlog\link-rc.read.1.tlog
e:\vs\vtklee\x64\debug\vtklee.tlog\link-rc.write.1.tlog
e:\vs\vtklee\x64\debug\vtklee.tlog\link.command.1.tlog
e:\vs\vtklee\x64\debug\vtklee.tlog\link.read.1.tlog
e:\vs\vtklee\x64\debug\vtklee.tlog\link.write.1.tlog
