D:\VS2019\MSBuild\Microsoft\VC\v160\Microsoft.CppBuild.targets(1091,5): warning MSB8027: Two or more files with the name of vtkSMPToolsImpl.cxx will produce outputs to the same location. This can lead to an incorrect build result.  The files involved are core\SMP\Sequential\vtkSMPToolsImpl.cxx, core\SMP\STDThread\vtkSMPToolsImpl.cxx.
  ProcessWin32.c
F:\ToGithub\Learning-VTK\core\vtksys\ProcessWin32.c(86,56): error C2143: syntax error: missing ')' before '*'
F:\ToGithub\Learning-VTK\core\vtksys\ProcessWin32.c(86,56): error C2143: syntax error: missing '{' before '*'
F:\ToGithub\Learning-VTK\core\vtksys\ProcessWin32.c(87,44): error C2371: 'kwsysProcessPipeData': redefinition; different basic types
F:\ToGithub\Learning-VTK\core\vtksys\ProcessWin32.c(84): message : see declaration of 'kwsysProcessPipeData'
F:\ToGithub\Learning-VTK\core\vtksys\ProcessWin32.c(87,64): error C2143: syntax error: missing ';' before '*'
F:\ToGithub\Learning-VTK\core\vtksys\ProcessWin32.c(87,68): error C2059: syntax error: ')'
F:\ToGithub\Learning-VTK\core\vtksys\ProcessWin32.c(89,56): error C2143: syntax error: missing ')' before '*'
F:\ToGithub\Learning-VTK\core\vtksys\ProcessWin32.c(89,56): error C2143: syntax error: missing '{' before '*'
F:\ToGithub\Learning-VTK\core\vtksys\ProcessWin32.c(90,44): error C2371: 'kwsysProcessPipeData': redefinition; different basic types
F:\ToGithub\Learning-VTK\core\vtksys\ProcessWin32.c(84): message : see declaration of 'kwsysProcessPipeData'
F:\ToGithub\Learning-VTK\core\vtksys\ProcessWin32.c(90,64): error C2143: syntax error: missing ';' before '*'
F:\ToGithub\Learning-VTK\core\vtksys\ProcessWin32.c(90,68): error C2059: syntax error: ')'
F:\ToGithub\Learning-VTK\core\vtksys\ProcessWin32.c(91,47): error C2143: syntax error: missing ')' before '*'
F:\ToGithub\Learning-VTK\core\vtksys\ProcessWin32.c(91,47): error C2143: syntax error: missing '{' before '*'
F:\ToGithub\Learning-VTK\core\vtksys\ProcessWin32.c(91,51): error C2059: syntax error: ')'
F:\ToGithub\Learning-VTK\core\vtksys\ProcessWin32.c(92,45): error C2143: syntax error: missing ')' before '*'
F:\ToGithub\Learning-VTK\core\vtksys\ProcessWin32.c(92,45): error C2143: syntax error: missing '{' before '*'
F:\ToGithub\Learning-VTK\core\vtksys\ProcessWin32.c(92,55): error C2059: syntax error: 'type'
F:\ToGithub\Learning-VTK\core\vtksys\ProcessWin32.c(93,66): error C2059: syntax error: ')'
F:\ToGithub\Learning-VTK\core\vtksys\ProcessWin32.c(94,45): error C2143: syntax error: missing ')' before '*'
F:\ToGithub\Learning-VTK\core\vtksys\ProcessWin32.c(94,45): error C2143: syntax error: missing '{' before '*'
F:\ToGithub\Learning-VTK\core\vtksys\ProcessWin32.c(94,55): error C2059: syntax error: 'type'
F:\ToGithub\Learning-VTK\core\vtksys\ProcessWin32.c(94,60): error C2059: syntax error: ')'
F:\ToGithub\Learning-VTK\core\vtksys\ProcessWin32.c(99,45): error C2143: syntax error: missing ')' before '*'
F:\ToGithub\Learning-VTK\core\vtksys\ProcessWin32.c(99,45): error C2143: syntax error: missing '{' before '*'
F:\ToGithub\Learning-VTK\core\vtksys\ProcessWin32.c(99,57): warning C4142: 'DWORD': benign redefinition of type
C:\Program Files (x86)\Windows Kits\10\Include\10.0.19041.0\shared\minwindef.h(156): message : see declaration of 'DWORD'
F:\ToGithub\Learning-VTK\core\vtksys\ProcessWin32.c(99,51): error C2370: 'DWORD': redefinition; different storage class
C:\Program Files (x86)\Windows Kits\10\Include\10.0.19041.0\shared\minwindef.h(156): message : see declaration of 'DWORD'
F:\ToGithub\Learning-VTK\core\vtksys\ProcessWin32.c(99,57): error C2146: syntax error: missing ';' before identifier 'error'
F:\ToGithub\Learning-VTK\core\vtksys\ProcessWin32.c(99,62): error C2059: syntax error: ')'
F:\ToGithub\Learning-VTK\core\vtksys\ProcessWin32.c(100,55): error C2143: syntax error: missing ')' before '*'
F:\ToGithub\Learning-VTK\core\vtksys\ProcessWin32.c(100,55): error C2143: syntax error: missing '{' before '*'
F:\ToGithub\Learning-VTK\core\vtksys\ProcessWin32.c(100,59): error C2059: syntax error: ')'
F:\ToGithub\Learning-VTK\core\vtksys\ProcessWin32.c(101,51): error C2143: syntax error: missing ')' before '*'
F:\ToGithub\Learning-VTK\core\vtksys\ProcessWin32.c(101,51): error C2143: syntax error: missing '{' before '*'
F:\ToGithub\Learning-VTK\core\vtksys\ProcessWin32.c(101,63): error C2059: syntax error: 'type'
F:\ToGithub\Learning-VTK\core\vtksys\ProcessWin32.c(102,68): error C2059: syntax error: ')'
F:\ToGithub\Learning-VTK\core\vtksys\ProcessWin32.c(115,61): error C2143: syntax error: missing ')' before '*'
F:\ToGithub\Learning-VTK\core\vtksys\ProcessWin32.c(115,61): error C2143: syntax error: missing '{' before '*'
F:\ToGithub\Learning-VTK\core\vtksys\ProcessWin32.c(115,71): error C2059: syntax error: 'type'
F:\ToGithub\Learning-VTK\core\vtksys\ProcessWin32.c(116,56): error C2059: syntax error: ')'
F:\ToGithub\Learning-VTK\core\vtksys\ProcessWin32.c(118,56): error C2143: syntax error: missing ')' before '*'
F:\ToGithub\Learning-VTK\core\vtksys\ProcessWin32.c(118,56): error C2143: syntax error: missing '{' before '*'
F:\ToGithub\Learning-VTK\core\vtksys\ProcessWin32.c(118,60): error C2059: syntax error: ')'
F:\ToGithub\Learning-VTK\core\vtksys\ProcessWin32.c(159,3): error C2061: syntax error: identifier 'kwsysProcess'
F:\ToGithub\Learning-VTK\core\vtksys\ProcessWin32.c(177,1): error C2059: syntax error: '}'
F:\ToGithub\Learning-VTK\core\vtksys\ProcessWin32.c(245,24): error C2079: 'Pipe' uses undefined struct 'kwsysProcessPipeData_s'
F:\ToGithub\Learning-VTK\core\vtksys\ProcessWin32.c(314,13): error C2143: syntax error: missing '{' before '*'
F:\ToGithub\Learning-VTK\core\vtksys\ProcessWin32.c(319,15): error C2065: 'kwsysProcess': undeclared identifier
F:\ToGithub\Learning-VTK\core\vtksys\ProcessWin32.c(319,19): error C2297: '*': illegal, right operand has type 'int *'
F:\ToGithub\Learning-VTK\core\vtksys\ProcessWin32.c(334,21): error C2065: 'kwsysProcess': undeclared identifier
F:\ToGithub\Learning-VTK\core\vtksys\ProcessWin32.c(334,22): error C2059: syntax error: ')'
F:\ToGithub\Learning-VTK\core\vtksys\ProcessWin32.c(342,7): error C2223: left of '->PipeSharedSTDIN' must point to struct/union
F:\ToGithub\Learning-VTK\core\vtksys\ProcessWin32.c(345,7): error C2223: left of '->State' must point to struct/union
F:\ToGithub\Learning-VTK\core\vtksys\ProcessWin32.c(345,42): error C2065: 'kwsysProcess_State_Starting': undeclared identifier
F:\ToGithub\Learning-VTK\core\vtksys\ProcessWin32.c(372,24): warning C4013: 'kwsysProcess_Delete' undefined; assuming extern returning int
F:\ToGithub\Learning-VTK\core\vtksys\ProcessWin32.c(377,13): error C2223: left of '->SharedIndexMutex' must point to struct/union
F:\ToGithub\Learning-VTK\core\vtksys\ProcessWin32.c(383,13): error C2223: left of '->Full' must point to struct/union
F:\ToGithub\Learning-VTK\core\vtksys\ProcessWin32.c(393,9): error C2223: left of '->Pipe' must point to struct/union
F:\ToGithub\Learning-VTK\core\vtksys\ProcessWin32.c(396,9): error C2223: left of '->Pipe' must point to struct/union
F:\ToGithub\Learning-VTK\core\vtksys\ProcessWin32.c(399,15): error C2223: left of '->Pipe' must point to struct/union
F:\ToGithub\Learning-VTK\core\vtksys\ProcessWin32.c(405,15): error C2223: left of '->Pipe' must point to struct/union
F:\ToGithub\Learning-VTK\core\vtksys\ProcessWin32.c(411,15): error C2223: left of '->Pipe' must point to struct/union
F:\ToGithub\Learning-VTK\core\vtksys\ProcessWin32.c(419,15): error C2223: left of '->Pipe' must point to struct/union
F:\ToGithub\Learning-VTK\core\vtksys\ProcessWin32.c(420,55): error C2223: left of '->Pipe' must point to struct/union
F:\ToGithub\Learning-VTK\core\vtksys\ProcessWin32.c(420,73): warning C4047: 'function': 'DWORD' differs in levels of indirection from 'DWORD *'
F:\ToGithub\Learning-VTK\core\vtksys\ProcessWin32.c(420,67): warning C4024: 'CreateThread': different types for formal and actual parameter 5
F:\ToGithub\Learning-VTK\core\vtksys\ProcessWin32.c(419,51): error C2198: 'CreateThread': too few arguments for call
F:\ToGithub\Learning-VTK\core\vtksys\ProcessWin32.c(426,15): error C2223: left of '->Pipe' must point to struct/union
F:\ToGithub\Learning-VTK\core\vtksys\ProcessWin32.c(432,15): error C2223: left of '->Pipe' must point to struct/union
F:\ToGithub\Learning-VTK\core\vtksys\ProcessWin32.c(438,15): error C2223: left of '->Pipe' must point to struct/union
F:\ToGithub\Learning-VTK\core\vtksys\ProcessWin32.c(446,15): error C2223: left of '->Pipe' must point to struct/union
F:\ToGithub\Learning-VTK\core\vtksys\ProcessWin32.c(447,55): error C2223: left of '->Pipe' must point to struct/union
F:\ToGithub\Learning-VTK\core\vtksys\ProcessWin32.c(447,73): warning C4047: 'function': 'DWORD' differs in levels of indirection from 'DWORD *'
F:\ToGithub\Learning-VTK\core\vtksys\ProcessWin32.c(447,67): warning C4024: 'CreateThread': different types for formal and actual parameter 5
F:\ToGithub\Learning-VTK\core\vtksys\ProcessWin32.c(446,50): error C2198: 'CreateThread': too few arguments for call
F:\ToGithub\Learning-VTK\core\vtksys\ProcessWin32.c(453,9): error C2223: left of '->PipeChildStd' must point to struct/union
F:\ToGithub\Learning-VTK\core\vtksys\ProcessWin32.c(459,38): error C2143: syntax error: missing ')' before '*'
F:\ToGithub\Learning-VTK\core\vtksys\ProcessWin32.c(459,38): error C2143: syntax error: missing '{' before '*'
F:\ToGithub\Learning-VTK\core\vtksys\ProcessWin32.c(459,42): error C2059: syntax error: ')'
F:\ToGithub\Learning-VTK\core\vtksys\ProcessWin32.c(460,1): error C2054: expected '(' to follow 'cp'
F:\ToGithub\Learning-VTK\core\vtksys\ProcessWin32.c(532,41): error C2143: syntax error: missing ')' before '*'
F:\ToGithub\Learning-VTK\core\vtksys\ProcessWin32.c(532,41): error C2143: syntax error: missing '{' before '*'
F:\ToGithub\Learning-VTK\core\vtksys\ProcessWin32.c(532,57): error C2059: syntax error: 'type'
F:\ToGithub\Learning-VTK\core\vtksys\ProcessWin32.c(532,73): error C2059: syntax error: ')'
F:\ToGithub\Learning-VTK\core\vtksys\ProcessWin32.c(552,41): error C2143: syntax error: missing ')' before '*'
F:\ToGithub\Learning-VTK\core\vtksys\ProcessWin32.c(552,41): error C2143: syntax error: missing '{' before '*'
F:\ToGithub\Learning-VTK\core\vtksys\ProcessWin32.c(552,57): error C2059: syntax error: 'type'
F:\ToGithub\Learning-VTK\core\vtksys\ProcessWin32.c(552,73): error C2059: syntax error: ')'
F:\ToGithub\Learning-VTK\core\vtksys\ProcessWin32.c(647,42): error C2143: syntax error: missing ')' before '*'
F:\ToGithub\Learning-VTK\core\vtksys\ProcessWin32.c(647,42): error C2143: syntax error: missing '{' before '*'
F:\ToGithub\Learning-VTK\core\vtksys\ProcessWin32.c(647,55): error C2059: syntax error: 'type'
F:\ToGithub\Learning-VTK\core\vtksys\ProcessWin32.c(647,62): error C2059: syntax error: ')'
F:\ToGithub\Learning-VTK\core\vtksys\ProcessWin32.c(660,50): error C2143: syntax error: missing ')' before '*'
F:\ToGithub\Learning-VTK\core\vtksys\ProcessWin32.c(660,50): error C2143: syntax error: missing '{' before '*'
F:\ToGithub\Learning-VTK\core\vtksys\ProcessWin32.c(660,66): error C2059: syntax error: 'type'
F:\ToGithub\Learning-VTK\core\vtksys\ProcessWin32.c(660,71): error C2059: syntax error: ')'
F:\ToGithub\Learning-VTK\core\vtksys\ProcessWin32.c(691,42): error C2143: syntax error: missing ')' before '*'
F:\ToGithub\Learning-VTK\core\vtksys\ProcessWin32.c(691,42): error C2143: syntax error: missing '{' before '*'
F:\ToGithub\Learning-VTK\core\vtksys\ProcessWin32.c(691,52): error C2059: syntax error: 'type'
F:\ToGithub\Learning-VTK\core\vtksys\ProcessWin32.c(691,74): error C2059: syntax error: ')'
F:\ToGithub\Learning-VTK\core\vtksys\ProcessWin32.c(731,45): error C2143: syntax error: missing ')' before '*'
F:\ToGithub\Learning-VTK\core\vtksys\ProcessWin32.c(731,45): error C2143: syntax error: missing '{' before '*'
F:\ToGithub\Learning-VTK\core\vtksys\ProcessWin32.c(731,55): error C2059: syntax error: 'type'
F:\ToGithub\Learning-VTK\core\vtksys\ProcessWin32.c(731,71): error C2059: syntax error: ')'
F:\ToGithub\Learning-VTK\core\vtksys\ProcessWin32.c(759,45): error C2143: syntax error: missing ')' before '*'
F:\ToGithub\Learning-VTK\core\vtksys\ProcessWin32.c(759,45): error C2143: syntax error: missing '{' before '*'
F:\ToGithub\Learning-VTK\core\vtksys\ProcessWin32.c(759,55): error C2059: syntax error: 'type'
F:\ToGithub\Learning-VTK\core\vtksys\ProcessWin32.c(759,78): error C2059: syntax error: ')'
F:\ToGithub\Learning-VTK\core\vtksys\ProcessWin32.c(798,40): error C2143: syntax error: missing ')' before '*'
F:\ToGithub\Learning-VTK\core\vtksys\ProcessWin32.c(798,40): fatal error C1003: error count exceeds 100; stopping compilation
